{
  "version": "1.5.0",
  "plugins_used": [
    {
      "name": "ArtifactoryDetector"
    },
    {
      "name": "AWSKeyDetector"
    },
    {
      "name": "AzureStorageKeyDetector"
    },
    {
      "name": "Base64HighEntropyString",
      "limit": 4.5
    },
    {
      "name": "BasicAuthDetector"
    },
    {
      "name": "CloudantDetector"
    },
    {
      "name": "DiscordBotTokenDetector"
    },
    {
      "name": "GitHubTokenDetector"
    },
    {
      "name": "GitLabTokenDetector"
    },
    {
      "name": "HexHighEntropyString",
      "limit": 3.0
    },
    {
      "name": "IbmCloudIamDetector"
    },
    {
      "name": "IbmCosHmacDetector"
    },
    {
      "name": "IPPublicDetector"
    },
    {
      "name": "JwtTokenDetector"
    },
    {
      "name": "KeywordDetector",
      "keyword_exclude": ""
    },
    {
      "name": "MailchimpDetector"
    },
    {
      "name": "NpmDetector"
    },
    {
      "name": "OpenAIDetector"
    },
    {
      "name": "PrivateKeyDetector"
    },
    {
      "name": "PypiTokenDetector"
    },
    {
      "name": "SendGridDetector"
    },
    {
      "name": "SlackDetector"
    },
    {
      "name": "SoftlayerDetector"
    },
    {
      "name": "SquareOAuthDetector"
    },
    {
      "name": "StripeDetector"
    },
    {
      "name": "TelegramBotTokenDetector"
    },
    {
      "name": "TwilioKeyDetector"
    }
  ],
  "filters_used": [
    {
      "path": "detect_secrets.filters.allowlist.is_line_allowlisted"
    },
    {
      "path": "detect_secrets.filters.common.is_baseline_file",
      "filename": ".secrets.baseline"
    },
    {
      "path": "detect_secrets.filters.common.is_ignored_due_to_verification_policies",
      "min_level": 2
    },
    {
      "path": "detect_secrets.filters.heuristic.is_indirect_reference"
    },
    {
      "path": "detect_secrets.filters.heuristic.is_likely_id_string"
    },
    {
      "path": "detect_secrets.filters.heuristic.is_lock_file"
    },
    {
      "path": "detect_secrets.filters.heuristic.is_not_alphanumeric_string"
    },
    {
      "path": "detect_secrets.filters.heuristic.is_potential_uuid"
    },
    {
      "path": "detect_secrets.filters.heuristic.is_prefixed_with_dollar_sign"
    },
    {
      "path": "detect_secrets.filters.heuristic.is_sequential_string"
    },
    {
      "path": "detect_secrets.filters.heuristic.is_swagger_file"
    },
    {
      "path": "detect_secrets.filters.heuristic.is_templated_secret"
    },
    {
      "path": "detect_secrets.filters.regex.should_exclude_file",
      "pattern": [
        ".git/.*"
      ]
    }
  ],
  "results": {
    ".env.template": [
      {
        "type": "Secret Keyword",
        "filename": ".env.template",
        "hashed_secret": "f53a898f20e92b19f086f4d4053d81b145e754c2",
        "is_verified": false,
        "line_number": 3
      }
    ],
    "GITHUB_SETUP.md": [
      {
        "type": "Secret Keyword",
        "filename": "GITHUB_SETUP.md",
        "hashed_secret": "48fb4dcfef240ba6ce612d2b94f2a0da1dce6ffb",
        "is_verified": false,
        "line_number": 108
      }
    ],
    "OVERVIEW.md": [
      {
        "type": "Secret Keyword",
        "filename": "OVERVIEW.md",
        "hashed_secret": "464b0c65ff1a9c8a0698efd9ddaf0b07295bc16e",
        "is_verified": false,
        "line_number": 160
      }
    ],
    "QUICKSTART.md": [
      {
        "type": "Secret Keyword",
        "filename": "QUICKSTART.md",
        "hashed_secret": "3ee17b344e6a7d52f8126166af5e2ad4aac6d991",
        "is_verified": false,
        "line_number": 41
      }
    ],
    "SECURITY_CHECKLIST.md": [
      {
        "type": "Secret Keyword",
        "filename": "SECURITY_CHECKLIST.md",
        "hashed_secret": "203cdcde66d80ead268facf2160abc5dcb1f72e7",
        "is_verified": false,
        "line_number": 133
      }
    ],
    "START_HERE.md": [
      {
        "type": "Secret Keyword",
        "filename": "START_HERE.md",
        "hashed_secret": "f53a898f20e92b19f086f4d4053d81b145e754c2",
        "is_verified": false,
        "line_number": 61
      },
      {
        "type": "Secret Keyword",
        "filename": "START_HERE.md",
        "hashed_secret": "8b87dfd61b0260ac45e2d1ff6312fa836a8068a0",
        "is_verified": false,
        "line_number": 66
      }
    ],
    "app/config.py": [
      {
        "type": "Secret Keyword",
        "filename": "app/config.py",
        "hashed_secret": "f53a898f20e92b19f086f4d4053d81b145e754c2",
        "is_verified": false,
        "line_number": 31
      }
    ]
  },
  "generated_at": "2025-10-15T20:04:20Z"
}
